node.exe : npm warn Unknown env config "devdir". This will stop working in the next major version of npm. See `npm 
help npmrc` for supported config options.
At line:1 char:1
+ & "C:\Program Files\nodejs/node.exe" "C:\Program Files\nodejs/node_mo ...
+ ~~~~~~~~~~~~~~~~~~~~~~~~~~~~~~~~~~~~~~~~~~~~~~~~~~~~~~~~~~~~~~~~~~~~~
    + CategoryInfo          : NotSpecified: (npm warn Unknow...config options.:String) [], RemoteException
    + FullyQualifiedErrorId : NativeCommandError
 

> mepa-ledger@0.0.1 typecheck
> tsc --noEmit

